9999999999526577
9999999999791380
9999999999656009
9999999999672889
9999999999444029
9999999999020925
9999999999440200
9999999999267317
9999999999976340
9999999999976340
9999999999976340
9999999999976340
9999999999976340
9999999999976340
9999999999976340
9999999999976340
9999999999976340
9999999999976340
9999999999976340
9999999999976340
