159857
159732
159380
159722
159849
159737
159517
