9999999999130445
9999999998913492
9999999999932164
9999999998694785
9999999999311272
9999999999449793
9999999999749225
9999999999136250
9999999999868624
9999999999824068
9999999999269108
9999999999322569
9999999999003589
9999999998076584
9999999998785829
9999999999328505
9999999998540362
9999999998059482
9999999999904948
9999999999815930
