9999999999993380
9999999999997060
9999999999997204
9999999999999232
