9999999999093620
9999999999356705
9999999999937352
