9999999997313332
9999999997367585
9999999995169385
9999999994355677
9999999992624836
9999999995804116
9999999992252448
9999999994419793
9999999995055380
9999999990334498
9999999993922165
9999999995871572
9999999992355130
9999999999080210
9999999991943914
9999999997454714
9999999994067577
9999999998521373
9999999992000405
9999999992990069
