9999999998745320
9999999999839060
9999999997184080
9999999999748298
9999999998531140
9999999999666250
9999999999271453
9999999998159209
9999999998931073
9999999999104002
9999999999407141
9999999999380977
9999999999557492
9999999999591316
9999999998584817
9999999999821465
9999999999676325
9999999994851674
9999999985923130
9999999993610516
