9999999983989490
9999999989762785
9999999961626944
9999999992432180
9999999996594192
9999999991179796
