9999999998698852
9999999998761669
9999999999436949
9999999998996369
9999999999558162
9999999995911985
9999999998986185
9999999990205506
9999999999944468
9999999999393809
9999999997676793
9999999998775585
9999999998619781
9999999999881896
9999999999489600
9999999999071360
9999999999452480
9999999996273445
9999999999928616
9999999999660145
