9999999999990074
9999999999996928
9999999999908768
9999999999996928
9999999999948712
