9999999994239641
9999999994821412
9999999993944386
9999999994526833
9999999994556853
9999999992927293
9999999992216209
9999999997080525
9999999998523226
9999999992967752
9999999999193786
9999999996424857
9999999992669108
9999999996640244
9999999996109330
9999999995681957
9999999994022389
9999999992166325
9999999993176957
9999999992829793
