9999999998745314
9999999998532385
9999999999639572
9999999999947912
9999999999344405
9999999998854281
9999999999990032
9999999998238836
9999999999314240
9999999998814257
9999999998022997
9999999999531412
9999999998238629
9999999998210237
9999999999085960
9999999999301234
9999999999798260
9999999998778682
9999999999518050
9999999999213781
