9999999989584970
9999999998921833
9999999975526713
9999999998257261
9999999992343853
9999999980960114
9999999993943108
9999999994267322
9999999987656705
9999999992684965
9999999994141613
9999999990358749
9999999964883072
